[20-08-2026 02:10:47] [SUCCESS] Banco de dados MongoDB conectado com sucesso!
[20-08-2026 02:10:48] [SUCCESS] Bot Larper logado com sucesso em 1 servidores.
[20-08-2026 02:13:07] [SUCCESS] Banco de dados MongoDB conectado com sucesso!
[20-08-2026 02:13:07] [SUCCESS] Bot Larper logado com sucesso em 1 servidores.
[20-08-2026 02:13:32] [SUCCESS] DB Connected!
[20-08-2026 02:13:33] [SUCCESS] Bot Larper logado com sucesso em 1 servidores.
[20-08-2026 19:49:52] Invalid scheme, expected connection string to start with "mongodb://" or "mongodb+srv://"-undefined Location: undefined
[20-08-2026 19:49:53] [SUCCESS] Bot Larper logado com sucesso em 2 servidores.
[20-08-2026 19:50:01] messages.map is not a function-undefined Location: undefined
[20-08-2026 19:50:07] messages.map is not a function-undefined Location: undefined
[20-08-2026 19:51:47] Invalid scheme, expected connection string to start with "mongodb://" or "mongodb+srv://"-undefined Location: undefined
[20-08-2026 19:51:48] [SUCCESS] Bot Larper logado com sucesso em 2 servidores.
[20-08-2026 19:53:03] Invalid scheme, expected connection string to start with "mongodb://" or "mongodb+srv://"-undefined Location: undefined
[20-08-2026 19:53:04] [SUCCESS] Bot Larper logado com sucesso em 2 servidores.
[20-08-2026 19:53:37] Invalid scheme, expected connection string to start with "mongodb://" or "mongodb+srv://"-undefined Location: undefined
[12-09-2026 23:23:34] [FATAL] Não foi possível iniciar o bot | Location: C:\Users\Gard\Documents\GardZock\Projetos\Visual Studio\LarperBot\node_modules\.pnpm\mongoose@9.9.3\node_modules\mongoose\lib\connection.js:1175:11
MongooseServerSelectionError: Could not connect to any servers in your MongoDB Atlas cluster. One common reason is that you're trying to access the database from an IP that isn't whitelisted. Make sure your current IP address is on your Atlas cluster's IP whitelist: https://www.mongodb.com/docs/atlas/security-whitelist/
    at _handleConnectionErrors (C:\Users\Gard\Documents\GardZock\Projetos\Visual Studio\LarperBot\node_modules\.pnpm\mongoose@9.9.3\node_modules\mongoose\lib\connection.js:1175:11)
    at NativeConnection.openUri (C:\Users\Gard\Documents\GardZock\Projetos\Visual Studio\LarperBot\node_modules\.pnpm\mongoose@9.9.3\node_modules\mongoose\lib\connection.js:1106:11)
    at async CustomClient.start (C:\Users\Gard\Documents\GardZock\Projetos\Visual Studio\LarperBot\src\structures\Client.ts:50:7)
[12-09-2026 23:24:40] [INFO] Conectando ao MongoDB...
[12-09-2026 23:24:41] [SUCCESS] Banco de dados conectado.
[12-09-2026 23:24:41] [INFO] Conectando ao Discord...
[12-09-2026 23:24:42] [FATAL] Não foi possível iniciar o bot | Location: C:\Users\Gard\Documents\GardZock\Projetos\Visual Studio\LarperBot\node_modules\.pnpm\@discordjs+ws@1.2.3\node_modules\@discordjs\ws\src\ws\WebSocketShard.ts:815:13
Error: Used disallowed intents
    at WebSocketShard.onClose (C:\Users\Gard\Documents\GardZock\Projetos\Visual Studio\LarperBot\node_modules\.pnpm\@discordjs+ws@1.2.3\node_modules\@discordjs\ws\src\ws\WebSocketShard.ts:815:13)
    at WebSocket.connection.onclose (C:\Users\Gard\Documents\GardZock\Projetos\Visual Studio\LarperBot\node_modules\.pnpm\@discordjs+ws@1.2.3\node_modules\@discordjs\ws\src\ws\WebSocketShard.ts:203:14)
    at callListener (C:\Users\Gard\Documents\GardZock\Projetos\Visual Studio\LarperBot\node_modules\.pnpm\ws@8.21.3\node_modules\ws\lib\event-target.js:290:14)
    at WebSocket.onClose (C:\Users\Gard\Documents\GardZock\Projetos\Visual Studio\LarperBot\node_modules\.pnpm\ws@8.21.3\node_modules\ws\lib\event-target.js:220:9)
    at WebSocket.emit (node:events:514:28)
    at WebSocket.emitClose (C:\Users\Gard\Documents\GardZock\Projetos\Visual Studio\LarperBot\node_modules\.pnpm\ws@8.21.3\node_modules\ws\lib\websocket.js:279:10)
    at TLSSocket.socketOnClose (C:\Users\Gard\Documents\GardZock\Projetos\Visual Studio\LarperBot\node_modules\.pnpm\ws@8.21.3\node_modules\ws\lib\websocket.js:1360:15)
    at TLSSocket.emit (node:events:526:24)
    at node:net:362:12
    at TCP.done (node:internal/tls/wrap:770:7)
[12-09-2026 23:27:53] [INFO] Conectando ao MongoDB...
[12-09-2026 23:27:53] [SUCCESS] Banco de dados conectado.
[12-09-2026 23:27:53] [INFO] Conectando ao Discord...
[12-09-2026 23:27:54] [SUCCESS] Bot Larper Profissional#6195 logado com sucesso em 1 servidores.
[12-09-2026 23:29:59] [INFO] Conectando ao MongoDB...
[12-09-2026 23:29:59] [SUCCESS] Banco de dados conectado.
[12-09-2026 23:29:59] [INFO] Conectando ao Discord...
[12-09-2026 23:30:00] [SUCCESS] Bot Larper Profissional#6195 logado com sucesso em 1 servidores.
[12-09-2026 23:30:12] [INFO] Conectando ao MongoDB...
[12-09-2026 23:30:12] [SUCCESS] Banco de dados conectado.
[12-09-2026 23:30:12] [INFO] Conectando ao Discord...
[12-09-2026 23:30:13] [SUCCESS] Bot Larper Profissional#6195 online em 1 servidor(es). Slash commands são o modo principal.
[12-09-2026 23:30:21] [INFO] Conectando ao MongoDB...
[12-09-2026 23:30:22] [SUCCESS] Banco de dados conectado.
[12-09-2026 23:30:22] [INFO] Conectando ao Discord...
[12-09-2026 23:30:23] [SUCCESS] Bot Larper Profissional#6195 online em 1 servidor(es). Slash commands são o modo principal.
[12-09-2026 23:30:40] [INFO] Conectando ao MongoDB...
[12-09-2026 23:30:40] [SUCCESS] Banco de dados conectado.
[12-09-2026 23:30:40] [INFO] Conectando ao Discord...
[12-09-2026 23:30:41] [SUCCESS] Bot Larper Profissional#6195 online em 1 servidor(es). Slash commands são o modo principal.
[12-09-2026 23:35:14] [INFO] Conectando ao MongoDB...
[12-09-2026 23:35:15] [SUCCESS] Banco de dados conectado.
[12-09-2026 23:35:15] [INFO] Conectando ao Discord...
[12-09-2026 23:35:16] [SUCCESS] Bot Larper Profissional#6195 online em 1 servidor(es). Slash commands são o modo principal.
[12-09-2026 23:39:33] [INFO] Conectando ao MongoDB...
[12-09-2026 23:39:33] [SUCCESS] Banco de dados conectado.
[12-09-2026 23:39:33] [INFO] Conectando ao Discord...
[12-09-2026 23:39:34] [SUCCESS] Bot Larper Profissional#6195 online em 1 servidor(es). Slash commands são o modo principal.
[12-09-2026 23:40:54] [INFO] Conectando ao MongoDB...
[12-09-2026 23:40:54] [SUCCESS] Banco de dados conectado.
[12-09-2026 23:40:54] [INFO] Conectando ao Discord...
[12-09-2026 23:40:55] [SUCCESS] Bot Larper Profissional#6195 online em 1 servidor(es). Slash commands são o modo principal.
[12-09-2026 23:45:17] [FATAL] Não foi possível iniciar o bot | Location: Desconhecido
C:\Users\Gard\Documents\GardZock\Projetos\Visual Studio\LarperBot\src\models\GuildConfig.ts:1
import { model, models, Schema } from 'mongoose'
                ^
SyntaxError: The requested module 'mongoose' does not provide an export named 'models'
    at #asyncInstantiate (node:internal/modules/esm/module_job:455:21)
    at async ModuleJob.run (node:internal/modules/esm/module_job:553:5)
    at async node:internal/modules/esm/loader:647:26
    at async CustomClient.loadEvents (C:\Users\Gard\Documents\GardZock\Projetos\Visual Studio\LarperBot\src\structures\Client.ts:128:29)
    at async CustomClient.start (C:\Users\Gard\Documents\GardZock\Projetos\Visual Studio\LarperBot\src\structures\Client.ts:72:5)
[13-09-2026 00:02:44] [INFO] Conectando ao MongoDB...
[13-09-2026 00:02:45] [SUCCESS] Banco de dados conectado.
[13-09-2026 00:02:45] [INFO] Conectando ao Discord...
[13-09-2026 00:02:46] [SUCCESS] Bot Larper Profissional#6195 online em 1 servidor(es). Slash commands são o modo principal.
[13-09-2026 00:03:09] [INFO] Conectando ao MongoDB...
[13-09-2026 00:03:10] [SUCCESS] Banco de dados conectado.
[13-09-2026 00:03:10] [INFO] Conectando ao Discord...
[13-09-2026 00:03:11] [SUCCESS] Bot Larper Profissional#6195 online em 1 servidor(es). Slash commands são o modo principal.
[13-09-2026 00:08:18] [INFO] Conectando ao MongoDB...
[13-09-2026 00:08:19] [SUCCESS] Banco de dados conectado.
[13-09-2026 00:08:19] [INFO] Conectando ao Discord...
[13-09-2026 00:08:21] [SUCCESS] Bot Larper Profissional#6195 online em 1 servidor(es). Slash commands são o modo principal.
[13-09-2026 00:08:31] [INFO] Conectando ao MongoDB...
[13-09-2026 00:08:31] [SUCCESS] Banco de dados conectado.
[13-09-2026 00:08:31] [INFO] Conectando ao Discord...
[13-09-2026 00:08:32] [SUCCESS] Bot Larper Profissional#6195 online em 1 servidor(es). Slash commands são o modo principal.
[13-09-2026 00:19:04] [INFO] Conectando ao MongoDB...
[13-09-2026 00:19:04] [SUCCESS] Banco de dados conectado.
[13-09-2026 00:19:04] [INFO] Conectando ao Discord...
[13-09-2026 00:19:06] [SUCCESS] Bot Larper Profissional#6195 online em 1 servidor(es). Slash commands são o modo principal.
[13-09-2026 00:20:07] [INFO] Conectando ao MongoDB...
[13-09-2026 00:20:07] [SUCCESS] Banco de dados conectado.
[13-09-2026 00:20:07] [INFO] Conectando ao Discord...
[13-09-2026 00:20:09] [SUCCESS] Bot Larper Profissional#6195 online em 1 servidor(es). Slash commands são o modo principal.
[13-09-2026 00:27:00] [INFO] Conectando ao MongoDB...
[13-09-2026 00:27:00] [SUCCESS] Banco de dados conectado.
[13-09-2026 00:27:00] [INFO] Conectando ao Discord...
[13-09-2026 00:27:01] [SUCCESS] Bot Larper Profissional#6195 online em 1 servidor(es). Slash commands são o modo principal.
[13-09-2026 00:28:51] [INFO] Conectando ao MongoDB...
[13-09-2026 00:28:52] [SUCCESS] Banco de dados conectado.
[13-09-2026 00:28:52] [INFO] Conectando ao Discord...
[13-09-2026 00:28:53] [SUCCESS] Bot Larper Profissional#6195 online em 1 servidor(es). Slash commands são o modo principal.
[13-09-2026 00:32:28] [INFO] Conectando ao MongoDB...
[13-09-2026 00:32:29] [SUCCESS] Banco de dados conectado.
[13-09-2026 00:32:29] [INFO] Conectando ao Discord...
[13-09-2026 00:32:30] [SUCCESS] Bot Larper Profissional#6195 online em 1 servidor(es). Slash commands são o modo principal.
[13-09-2026 00:32:50] [INFO] Conectando ao MongoDB...
[13-09-2026 00:32:51] [SUCCESS] Banco de dados conectado.
[13-09-2026 00:32:51] [INFO] Conectando ao Discord...
[13-09-2026 00:32:52] [SUCCESS] Bot Larper Profissional#6195 online em 1 servidor(es). Slash commands são o modo principal.
[13-09-2026 00:33:17] [INFO] Conectando ao MongoDB...
[13-09-2026 00:33:17] [SUCCESS] Banco de dados conectado.
[13-09-2026 00:33:17] [INFO] Conectando ao Discord...
[13-09-2026 00:33:18] [SUCCESS] Bot Larper Profissional#6195 online em 1 servidor(es). Slash commands são o modo principal.
[13-09-2026 00:33:28] [INFO] Conectando ao MongoDB...
[13-09-2026 00:33:29] [SUCCESS] Banco de dados conectado.
[13-09-2026 00:33:29] [INFO] Conectando ao Discord...
[13-09-2026 00:33:30] [SUCCESS] Bot Larper Profissional#6195 online em 1 servidor(es). Slash commands são o modo principal.
[13-09-2026 00:33:49] [INFO] Conectando ao MongoDB...
[13-09-2026 00:33:49] [SUCCESS] Banco de dados conectado.
[13-09-2026 00:33:49] [INFO] Conectando ao Discord...
[13-09-2026 00:33:50] [SUCCESS] Bot Larper Profissional#6195 online em 1 servidor(es). Slash commands são o modo principal.
[13-09-2026 00:34:15] [INFO] Conectando ao MongoDB...
[13-09-2026 00:34:16] [SUCCESS] Banco de dados conectado.
[13-09-2026 00:34:16] [INFO] Conectando ao Discord...
[13-09-2026 00:34:17] [SUCCESS] Bot Larper Profissional#6195 online em 1 servidor(es). Slash commands são o modo principal.
[13-09-2026 00:34:42] [INFO] Conectando ao MongoDB...
[13-09-2026 00:34:42] [SUCCESS] Banco de dados conectado.
[13-09-2026 00:34:43] [INFO] Conectando ao Discord...
[13-09-2026 00:34:44] [SUCCESS] Bot Larper Profissional#6195 online em 1 servidor(es). Slash commands são o modo principal.
[13-09-2026 00:37:27] [INFO] Conectando ao MongoDB...
[13-09-2026 00:37:27] [SUCCESS] Banco de dados conectado.
[13-09-2026 00:37:27] [INFO] Conectando ao Discord...
[13-09-2026 00:37:28] [SUCCESS] Bot Larper Profissional#6195 online em 1 servidor(es). Slash commands são o modo principal.
[13-09-2026 00:38:46] [INFO] Conectando ao MongoDB...
[13-09-2026 00:38:46] [SUCCESS] Banco de dados conectado.
[13-09-2026 00:38:46] [INFO] Conectando ao Discord...
[13-09-2026 00:38:48] [SUCCESS] Bot Larper Profissional#6195 online em 1 servidor(es). Slash commands são o modo principal.
[13-09-2026 00:42:37] [INFO] Conectando ao MongoDB...
[13-09-2026 00:42:37] [SUCCESS] Banco de dados conectado.
[13-09-2026 00:42:37] [INFO] Conectando ao Discord...
[13-09-2026 00:42:38] [SUCCESS] Bot Larper Profissional#6195 online em 1 servidor(es). Slash commands são o modo principal.
[13-09-2026 00:49:48] [INFO] Conectando ao MongoDB...
[13-09-2026 00:49:48] [SUCCESS] Banco de dados conectado.
[13-09-2026 00:49:48] [INFO] Conectando ao Discord...
[13-09-2026 00:49:49] [SUCCESS] Bot Larper Profissional#6195 online em 1 servidor(es). Slash commands são o modo principal.
[13-09-2026 01:00:47] [INFO] Conectando ao MongoDB...
[13-09-2026 01:00:48] [SUCCESS] Banco de dados conectado.
[13-09-2026 01:00:48] [INFO] Conectando ao Discord...
[13-09-2026 01:00:50] [SUCCESS] Bot Larper Profissional#6195 online em 1 servidor(es). Slash commands são o modo principal.
[13-09-2026 01:08:41] [INFO] Conectando ao MongoDB...
[13-09-2026 01:08:42] [SUCCESS] Banco de dados conectado.
[13-09-2026 01:08:42] [INFO] Conectando ao Discord...
[13-09-2026 01:08:43] [SUCCESS] Bot Larper Profissional#6195 online em 1 servidor(es). Slash commands são o modo principal.
[13-09-2026 01:09:08] [ERROR] Erro no slash command cores (C:\Users\Gard\Documents\GardZock\Projetos\Visual Studio\LarperBot\node_modules\.pnpm\@discordjs+rest@2.6.3\node_modules\@discordjs\rest\src\lib\handlers\Shared.ts:148:10) DiscordAPIError[10062]: Unknown interaction
    at handleErrors (C:\Users\Gard\Documents\GardZock\Projetos\Visual Studio\LarperBot\node_modules\.pnpm\@discordjs+rest@2.6.3\node_modules\@discordjs\rest\src\lib\handlers\Shared.ts:148:10)
    at process.processTicksAndRejections (node:internal/process/task_queues:104:5)
    at async BurstHandler.runRequest (C:\Users\Gard\Documents\GardZock\Projetos\Visual Studio\LarperBot\node_modules\.pnpm\@discordjs+rest@2.6.3\node_modules\@discordjs\rest\src\lib\handlers\BurstHandler.ts:144:20)
    at async _REST.request (C:\Users\Gard\Documents\GardZock\Projetos\Visual Studio\LarperBot\node_modules\.pnpm\@discordjs+rest@2.6.3\node_modules\@discordjs\rest\src\lib\REST.ts:210:20)
    at async ChatInputCommandInteraction.reply (C:\Users\Gard\Documents\GardZock\Projetos\Visual Studio\LarperBot\node_modules\.pnpm\discord.js@14.27.0\node_modules\discord.js\src\structures\interfaces\InteractionResponses.js:193:22)
    at async cores_default.executeInteraction (C:\Users\Gard\Documents\GardZock\Projetos\Visual Studio\LarperBot\src\commands\utilities\cores.ts:55:9)
    at async interactionCreate_default.run (C:\Users\Gard\Documents\GardZock\Projetos\Visual Studio\LarperBot\src\events\interaction\interactionCreate.ts:60:13)
[13-09-2026 01:11:31] [INFO] Conectando ao MongoDB...
[13-09-2026 01:11:31] [SUCCESS] Banco de dados conectado.
[13-09-2026 01:11:32] [INFO] Conectando ao Discord...
[13-09-2026 01:11:33] [SUCCESS] Bot Larper Profissional#6195 online em 1 servidor(es). Slash commands são o modo principal.
[13-09-2026 01:12:00] [INFO] Conectando ao MongoDB...
[13-09-2026 01:12:00] [SUCCESS] Banco de dados conectado.
[13-09-2026 01:12:00] [INFO] Conectando ao Discord...
[13-09-2026 01:12:01] [SUCCESS] Bot Larper Profissional#6195 online em 1 servidor(es). Slash commands são o modo principal.
[13-09-2026 01:19:29] [INFO] Conectando ao MongoDB...
[13-09-2026 01:19:29] [SUCCESS] Banco de dados conectado.
[13-09-2026 01:19:29] [INFO] Conectando ao Discord...
[13-09-2026 01:19:31] [SUCCESS] Bot Larper Profissional#6195 online em 1 servidor(es). Slash commands são o modo principal.
[13-09-2026 01:25:13] [FATAL] Não foi possível iniciar o bot | Location: node:internal/modules/esm/resolve:272:11
Error [ERR_MODULE_NOT_FOUND]: Cannot find module 'C:\Users\Gard\Documents\GardZock\Projetos\Visual Studio\LarperBot\src\services\ResumeService.js' imported from C:\Users\Gard\Documents\GardZock\Projetos\Visual Studio\LarperBot\src\commands\utilities\resume.ts
    at finalizeResolution (node:internal/modules/esm/resolve:272:11)
    at moduleResolve (node:internal/modules/esm/resolve:879:10)
    at defaultResolve (node:internal/modules/esm/resolve:1006:11)
    at #cachedDefaultResolve (node:internal/modules/esm/loader:705:20)
    at #resolveAndMaybeBlockOnLoaderThread (node:internal/modules/esm/loader:725:38)
    at nextStep (node:internal/modules/customization_hooks:189:26)
    at resolveBaseSync (file:///C:/Users/Gard/Documents/GardZock/Projetos/Visual%20Studio/LarperBot/node_modules/.pnpm/tsx@4.23.12/node_modules/tsx/dist/register-C4vWVmug.mjs:2:10932)
    at resolveDirectorySync (file:///C:/Users/Gard/Documents/GardZock/Projetos/Visual%20Studio/LarperBot/node_modules/.pnpm/tsx@4.23.12/node_modules/tsx/dist/register-C4vWVmug.mjs:2:12238)
    at resolveTsPathsSync (file:///C:/Users/Gard/Documents/GardZock/Projetos/Visual%20Studio/LarperBot/node_modules/.pnpm/tsx@4.23.12/node_modules/tsx/dist/register-C4vWVmug.mjs:2:13445)
    at resolve (file:///C:/Users/Gard/Documents/GardZock/Projetos/Visual%20Studio/LarperBot/node_modules/.pnpm/tsx@4.23.12/node_modules/tsx/dist/register-C4vWVmug.mjs:2:15991)
[13-09-2026 01:26:07] [INFO] Conectando ao MongoDB...
[13-09-2026 01:26:07] [SUCCESS] Banco de dados conectado.
[13-09-2026 01:26:07] [INFO] Conectando ao Discord...
[13-09-2026 01:26:08] [SUCCESS] Bot Larper Profissional#6195 online em 1 servidor(es). Slash commands são o modo principal.
[13-09-2026 01:26:20] [INFO] Conectando ao MongoDB...
[13-09-2026 01:26:20] [SUCCESS] Banco de dados conectado.
[13-09-2026 01:26:20] [INFO] Conectando ao Discord...
[13-09-2026 01:26:21] [SUCCESS] Bot Larper Profissional#6195 online em 1 servidor(es). Slash commands são o modo principal.
[13-09-2026 01:27:51] [INFO] Conectando ao MongoDB...
[13-09-2026 01:27:52] [SUCCESS] Banco de dados conectado.
[13-09-2026 01:27:52] [INFO] Conectando ao Discord...
[13-09-2026 01:27:53] [SUCCESS] Bot Larper Profissional#6195 online em 1 servidor(es). Slash commands são o modo principal.
[13-09-2026 01:28:30] [FATAL] Não foi possível iniciar o bot | Location: node:internal/modules/esm/resolve:272:11
Error [ERR_MODULE_NOT_FOUND]: Cannot find module 'C:\Users\Gard\Documents\GardZock\Projetos\Visual Studio\LarperBot\src\services\ResumeService.js' imported from C:\Users\Gard\Documents\GardZock\Projetos\Visual Studio\LarperBot\src\commands\utilities\resume.ts
    at finalizeResolution (node:internal/modules/esm/resolve:272:11)
    at moduleResolve (node:internal/modules/esm/resolve:879:10)
    at defaultResolve (node:internal/modules/esm/resolve:1006:11)
    at #cachedDefaultResolve (node:internal/modules/esm/loader:705:20)
    at #resolveAndMaybeBlockOnLoaderThread (node:internal/modules/esm/loader:725:38)
    at nextStep (node:internal/modules/customization_hooks:189:26)
    at resolveBaseSync (file:///C:/Users/Gard/Documents/GardZock/Projetos/Visual%20Studio/LarperBot/node_modules/.pnpm/tsx@4.23.12/node_modules/tsx/dist/register-C4vWVmug.mjs:2:10932)
    at resolveDirectorySync (file:///C:/Users/Gard/Documents/GardZock/Projetos/Visual%20Studio/LarperBot/node_modules/.pnpm/tsx@4.23.12/node_modules/tsx/dist/register-C4vWVmug.mjs:2:12238)
    at resolveTsPathsSync (file:///C:/Users/Gard/Documents/GardZock/Projetos/Visual%20Studio/LarperBot/node_modules/.pnpm/tsx@4.23.12/node_modules/tsx/dist/register-C4vWVmug.mjs:2:13445)
    at resolve (file:///C:/Users/Gard/Documents/GardZock/Projetos/Visual%20Studio/LarperBot/node_modules/.pnpm/tsx@4.23.12/node_modules/tsx/dist/register-C4vWVmug.mjs:2:15991)
[13-09-2026 01:29:28] [INFO] Conectando ao MongoDB...
[13-09-2026 01:29:28] [SUCCESS] Banco de dados conectado.
[13-09-2026 01:29:28] [INFO] Conectando ao Discord...
[13-09-2026 01:29:29] [SUCCESS] Bot Larper Profissional#6195 online em 1 servidor(es). Slash commands são o modo principal.
[13-09-2026 01:29:44] [INFO] Conectando ao MongoDB...
[13-09-2026 01:29:44] [SUCCESS] Banco de dados conectado.
[13-09-2026 01:29:44] [INFO] Conectando ao Discord...
[13-09-2026 01:29:46] [SUCCESS] Bot Larper Profissional#6195 online em 1 servidor(es). Slash commands são o modo principal.
[13-09-2026 01:33:43] [INFO] Conectando ao MongoDB...
[13-09-2026 01:33:43] [SUCCESS] Banco de dados conectado.
[13-09-2026 01:33:43] [INFO] Conectando ao Discord...
[13-09-2026 01:33:45] [SUCCESS] Bot Larper Profissional#6195 online em 1 servidor(es). Slash commands são o modo principal.
[13-09-2026 01:35:03] [ERROR] Falha ao resumir URL (C:\Users\Gard\Documents\GardZock\Projetos\Visual Studio\LarperBot\src\services\ResumeService.ts:84:15) Error: Essa URL parece estar indisponível ou retornar uma página 404. Verifique se o endereço está correto e se o conteúdo é público.
    at summarizeUrl (C:\Users\Gard\Documents\GardZock\Projetos\Visual Studio\LarperBot\src\services\ResumeService.ts:84:15)
    at process.processTicksAndRejections (node:internal/process/task_queues:104:5)
    at async resume_default.executeInteraction (C:\Users\Gard\Documents\GardZock\Projetos\Visual Studio\LarperBot\src\commands\utilities\resume.ts:59:28)
    at async interactionCreate_default.run (C:\Users\Gard\Documents\GardZock\Projetos\Visual Studio\LarperBot\src\events\interaction\interactionCreate.ts:60:13)
[13-09-2026 02:10:38] [INFO] Conectando ao MongoDB...
[13-09-2026 02:10:38] [SUCCESS] Banco de dados conectado.
[13-09-2026 02:10:38] [INFO] Conectando ao Discord...
[13-09-2026 02:10:41] [SUCCESS] Bot Larper Profissional#6195 online em 1 servidor(es). Slash commands são o modo principal.
